Archive member included to satisfy reference by file (symbol)

C:/ST/STM32CubeIDE_1.13.0/STM32CubeIDE/plugins/com.st.stm32cube.ide.mcu.externaltools.gnu-tools-for-stm32.11.3.rel1.win32_1.1.0.202305231506/tools/bin/../lib/gcc/arm-none-eabi/11.3.1/../../../../arm-none-eabi/lib/thumb/v7e-m/nofp\libc_nano.a(libc_a-exit.o)
                              C:/ST/STM32CubeIDE_1.13.0/STM32CubeIDE/plugins/com.st.stm32cube.ide.mcu.externaltools.gnu-tools-for-stm32.11.3.rel1.win32_1.1.0.202305231506/tools/bin/../lib/gcc/arm-none-eabi/11.3.1/../../../../arm-none-eabi/lib/thumb/v7e-m/nofp/crt0.o (exit)
C:/ST/STM32CubeIDE_1.13.0/STM32CubeIDE/plugins/com.st.stm32cube.ide.mcu.externaltools.gnu-tools-for-stm32.11.3.rel1.win32_1.1.0.202305231506/tools/bin/../lib/gcc/arm-none-eabi/11.3.1/../../../../arm-none-eabi/lib/thumb/v7e-m/nofp\libc_nano.a(libc_a-findfp.o)
                              C:/ST/STM32CubeIDE_1.13.0/STM32CubeIDE/plugins/com.st.stm32cube.ide.mcu.externaltools.gnu-tools-for-stm32.11.3.rel1.win32_1.1.0.202305231506/tools/bin/../lib/gcc/arm-none-eabi/11.3.1/../../../../arm-none-eabi/lib/thumb/v7e-m/nofp\libc_nano.a(libc_a-exit.o) (__stdio_exit_handler)
C:/ST/STM32CubeIDE_1.13.0/STM32CubeIDE/plugins/com.st.stm32cube.ide.mcu.externaltools.gnu-tools-for-stm32.11.3.rel1.win32_1.1.0.202305231506/tools/bin/../lib/gcc/arm-none-eabi/11.3.1/../../../../arm-none-eabi/lib/thumb/v7e-m/nofp\libc_nano.a(libc_a-fwalk.o)
                              C:/ST/STM32CubeIDE_1.13.0/STM32CubeIDE/plugins/com.st.stm32cube.ide.mcu.externaltools.gnu-tools-for-stm32.11.3.rel1.win32_1.1.0.202305231506/tools/bin/../lib/gcc/arm-none-eabi/11.3.1/../../../../arm-none-eabi/lib/thumb/v7e-m/nofp\libc_nano.a(libc_a-findfp.o) (_fwalk_sglue)
C:/ST/STM32CubeIDE_1.13.0/STM32CubeIDE/plugins/com.st.stm32cube.ide.mcu.externaltools.gnu-tools-for-stm32.11.3.rel1.win32_1.1.0.202305231506/tools/bin/../lib/gcc/arm-none-eabi/11.3.1/../../../../arm-none-eabi/lib/thumb/v7e-m/nofp\libc_nano.a(libc_a-stdio.o)
                              C:/ST/STM32CubeIDE_1.13.0/STM32CubeIDE/plugins/com.st.stm32cube.ide.mcu.externaltools.gnu-tools-for-stm32.11.3.rel1.win32_1.1.0.202305231506/tools/bin/../lib/gcc/arm-none-eabi/11.3.1/../../../../arm-none-eabi/lib/thumb/v7e-m/nofp\libc_nano.a(libc_a-findfp.o) (__sread)
C:/ST/STM32CubeIDE_1.13.0/STM32CubeIDE/plugins/com.st.stm32cube.ide.mcu.externaltools.gnu-tools-for-stm32.11.3.rel1.win32_1.1.0.202305231506/tools/bin/../lib/gcc/arm-none-eabi/11.3.1/../../../../arm-none-eabi/lib/thumb/v7e-m/nofp\libc_nano.a(libc_a-memset.o)
                              C:/ST/STM32CubeIDE_1.13.0/STM32CubeIDE/plugins/com.st.stm32cube.ide.mcu.externaltools.gnu-tools-for-stm32.11.3.rel1.win32_1.1.0.202305231506/tools/bin/../lib/gcc/arm-none-eabi/11.3.1/../../../../arm-none-eabi/lib/thumb/v7e-m/nofp/crt0.o (memset)
C:/ST/STM32CubeIDE_1.13.0/STM32CubeIDE/plugins/com.st.stm32cube.ide.mcu.externaltools.gnu-tools-for-stm32.11.3.rel1.win32_1.1.0.202305231506/tools/bin/../lib/gcc/arm-none-eabi/11.3.1/../../../../arm-none-eabi/lib/thumb/v7e-m/nofp\libc_nano.a(libc_a-closer.o)
                              C:/ST/STM32CubeIDE_1.13.0/STM32CubeIDE/plugins/com.st.stm32cube.ide.mcu.externaltools.gnu-tools-for-stm32.11.3.rel1.win32_1.1.0.202305231506/tools/bin/../lib/gcc/arm-none-eabi/11.3.1/../../../../arm-none-eabi/lib/thumb/v7e-m/nofp\libc_nano.a(libc_a-stdio.o) (_close_r)
C:/ST/STM32CubeIDE_1.13.0/STM32CubeIDE/plugins/com.st.stm32cube.ide.mcu.externaltools.gnu-tools-for-stm32.11.3.rel1.win32_1.1.0.202305231506/tools/bin/../lib/gcc/arm-none-eabi/11.3.1/../../../../arm-none-eabi/lib/thumb/v7e-m/nofp\libc_nano.a(libc_a-reent.o)
                              C:/ST/STM32CubeIDE_1.13.0/STM32CubeIDE/plugins/com.st.stm32cube.ide.mcu.externaltools.gnu-tools-for-stm32.11.3.rel1.win32_1.1.0.202305231506/tools/bin/../lib/gcc/arm-none-eabi/11.3.1/../../../../arm-none-eabi/lib/thumb/v7e-m/nofp\libc_nano.a(libc_a-closer.o) (errno)
C:/ST/STM32CubeIDE_1.13.0/STM32CubeIDE/plugins/com.st.stm32cube.ide.mcu.externaltools.gnu-tools-for-stm32.11.3.rel1.win32_1.1.0.202305231506/tools/bin/../lib/gcc/arm-none-eabi/11.3.1/../../../../arm-none-eabi/lib/thumb/v7e-m/nofp\libc_nano.a(libc_a-impure.o)
                              C:/ST/STM32CubeIDE_1.13.0/STM32CubeIDE/plugins/com.st.stm32cube.ide.mcu.externaltools.gnu-tools-for-stm32.11.3.rel1.win32_1.1.0.202305231506/tools/bin/../lib/gcc/arm-none-eabi/11.3.1/../../../../arm-none-eabi/lib/thumb/v7e-m/nofp\libc_nano.a(libc_a-reent.o) (_impure_ptr)
C:/ST/STM32CubeIDE_1.13.0/STM32CubeIDE/plugins/com.st.stm32cube.ide.mcu.externaltools.gnu-tools-for-stm32.11.3.rel1.win32_1.1.0.202305231506/tools/bin/../lib/gcc/arm-none-eabi/11.3.1/../../../../arm-none-eabi/lib/thumb/v7e-m/nofp\libc_nano.a(libc_a-lseekr.o)
[...]
Memory Configuration

Name             Origin             Length             Attributes
RAM              0x0000000020000000 0x0000000000020000 xrw
FLASH            0x0000000008000000 0x0000000000080000 xr
*default*        0x0000000000000000 0xffffffffffffffff

Linker script and memory map

LOAD C:/ST/STM32CubeIDE_1.13.0/STM32CubeIDE/plugins/com.st.stm32cube.ide.mcu.externaltools.gnu-tools-for-stm32.11.3.rel1.win32_1.1.0.202305231506/tools/bin/../lib/gcc/arm-none-eabi/11.3.1/thumb/v7e-m/nofp/crti.o
LOAD C:/ST/STM32CubeIDE_1.13.0/STM32CubeIDE/plugins/com.st.stm32cube.ide.mcu.externaltools.gnu-tools-for-stm32.11.3.rel1.win32_1.1.0.202305231506/tools/bin/../lib/gcc/arm-none-eabi/11.3.1/thumb/v7e-m/nofp/crtbegin.o
LOAD C:/ST/STM32CubeIDE_1.13.0/STM32CubeIDE/plugins/com.st.stm32cube.ide.mcu.externaltools.gnu-tools-for-stm32.11.3.rel1.win32_1.1.0.202305231506/tools/bin/../lib/gcc/arm-none-eabi/11.3.1/../../../../arm-none-eabi/lib/thumb/v7e-m/nofp/crt0.o
LOAD ./Drivers/Src/STM32F411RE_GPIO.o
LOAD ./Drivers/Src/STM32F411RE_NVIC.o
LOAD ./Drivers/Src/STM32F411RE_RCC.o
LOAD ./Drivers/Src/STM32F411RE_TIMER.o
LOAD ./Src/TIM_Interrupcion_Basic.o
LOAD ./Startup/startup_stm32f411retx.o
START GROUP
LOAD C:/ST/STM32CubeIDE_1.13.0/STM32CubeIDE/plugins/com.st.stm32cube.ide.mcu.externaltools.gnu-tools-for-stm32.11.3.rel1.win32_1.1.0.202305231506/tools/bin/../lib/gcc/arm-none-eabi/11.3.1/../../../../arm-none-eabi/lib/thumb/v7e-m/nofp\libc_nano.a
LOAD C:/ST/STM32CubeIDE_1.13.0/STM32CubeIDE/plugins/com.st.stm32cube.ide.mcu.externaltools.gnu-tools-for-stm32.11.3.rel1.win32_1.1.0.202305231506/tools/bin/../lib/gcc/arm-none-eabi/11.3.1/../../../../arm-none-eabi/lib/thumb/v7e-m/nofp\libm.a
END GROUP
START GROUP
LOAD C:/ST/STM32CubeIDE_1.13.0/STM32CubeIDE/plugins/com.st.stm32cube.ide.mcu.externaltools.gnu-tools-for-stm32.11.3.rel1.win32_1.1.0.202305231506/tools/bin/../lib/gcc/arm-none-eabi/11.3.1/thumb/v7e-m/nofp\libgcc.a
LOAD C:/ST/STM32CubeIDE_1.13.0/STM32CubeIDE/plugins/com.st.stm32cube.ide.mcu.externaltools.gnu-tools-for-stm32.11.3.rel1.win32_1.1.0.202305231506/tools/bin/../lib/gcc/arm-none-eabi/11.3.1/../../../../arm-none-eabi/lib/thumb/v7e-m/nofp\libc_nano.a
END GROUP
START GROUP
LOAD C:/ST/STM32CubeIDE_1.13.0/STM32CubeIDE/plugins/com.st.stm32cube.ide.mcu.externaltools.gnu-tools-for-stm32.11.3.rel1.win32_1.1.0.202305231506/tools/bin/../lib/gcc/arm-none-eabi/11.3.1/thumb/v7e-m/nofp\libgcc.a
LOAD C:/ST/STM32CubeIDE_1.13.0/STM32CubeIDE/plugins/com.st.stm32cube.ide.mcu.externaltools.gnu-tools-for-stm32.11.3.rel1.win32_1.1.0.202305231506/tools/bin/../lib/gcc/arm-none-eabi/11.3.1/../../../../arm-none-eabi/lib/thumb/v7e-m/nofp\libc_nano.a
LOAD C:/ST/STM32CubeIDE_1.13.0/STM32CubeIDE/plugins/com.st.stm32cube.ide.mcu.externaltools.gnu-tools-for-stm32.11.3.rel1.win32_1.1.0.202305231506/tools/bin/../lib/gcc/arm-none-eabi/11.3.1/../../../../arm-none-eabi/lib/thumb/v7e-m/nofp\libnosys.a
END GROUP
START GROUP
LOAD C:/ST/STM32CubeIDE_1.13.0/STM32CubeIDE/plugins/com.st.stm32cube.ide.mcu.externaltools.gnu-tools-for-stm32.11.3.rel1.win32_1.1.0.202305231506/tools/bin/../lib/gcc/arm-none-eabi/11.3.1/thumb/v7e-m/nofp\libgcc.a
LOAD C:/ST/STM32CubeIDE_1.13.0/STM32CubeIDE/plugins/com.st.stm32cube.ide.mcu.externaltools.gnu-tools-for-stm32.11.3.rel1.win32_1.1.0.202305231506/tools/bin/../lib/gcc/arm-none-eabi/11.3.1/../../../../arm-none-eabi/lib/thumb/v7e-m/nofp\libc_nano.a
LOAD C:/ST/STM32CubeIDE_1.13.0/STM32CubeIDE/plugins/com.st.stm32cube.ide.mcu.externaltools.gnu-tools-for-stm32.11.3.rel1.win32_1.1.0.202305231506/tools/bin/../lib/gcc/arm-none-eabi/11.3.1/../../../../arm-none-eabi/lib/thumb/v7e-m/nofp\libnosys.a
END GROUP
LOAD C:/ST/STM32CubeIDE_1.13.0/STM32CubeIDE/plugins/com.st.stm32cube.ide.mcu.externaltools.gnu-tools-for-stm32.11.3.rel1.win32_1.1.0.202305231506/tools/bin/../lib/gcc/arm-none-eabi/11.3.1/thumb/v7e-m/nofp/crtend.o
LOAD C:/ST/STM32CubeIDE_1.13.0/STM32CubeIDE/plugins/com.st.stm32cube.ide.mcu.externaltools.gnu-tools-for-stm32.11.3.rel1.win32_1.1.0.202305231506/tools/bin/../lib/gcc/arm-none-eabi/11.3.1/thumb/v7e-m/nofp/crtn.o
                0x0000000020020000                _estack = (ORIGIN (RAM) + LENGTH (RAM))
                0x0000000000000200                _Min_Heap_Size = 0x200
                0x0000000000000400                _Min_Stack_Size = 0x400

.isr_vector     0x0000000008000000      0x198
                0x0000000008000000                . = ALIGN (0x4)
 *(.isr_vector)
 .isr_vector    0x0000000008000000      0x198 ./Startup/startup_stm32f411retx.o
                0x0000000008000000                g_pfnVectors
                0x0000000008000198                . = ALIGN (0x4)

.text           0x0000000008000198      0x9c8
                0x0000000008000198                . = ALIGN (0x4)
 *(.text)
 .text          0x0000000008000198       0x40 C:/ST/STM32CubeIDE_1.13.0/STM32CubeIDE/plugins/com.st.stm32cube.ide.mcu.externaltools.gnu-tools-for-stm32.11.3.rel1.win32_1.1.0.202305231506/tools/bin/../lib/gcc/arm-none-eabi/11.3.1/thumb/v7e-m/nofp/crtbegin.o
 *(.text*)
 .text.GPIO_Control_Reloj
                0x00000000080001d8      0x144 ./Drivers/Src/STM32F411RE_GPIO.o
                0x00000000080001d8                GPIO_Control_Reloj
 .text.GPIO_Iniciar
                0x000000000800031c      0x31c ./Drivers/Src/STM32F411RE_GPIO.o
                0x000000000800031c                GPIO_Iniciar
 .text.GPIO_Toggle
                0x0000000008000638       0x28 ./Drivers/Src/STM32F411RE_GPIO.o
                0x0000000008000638                GPIO_Toggle
 .text.NVIC_IRQ_Habilitar
                0x0000000008000660       0x78 ./Drivers/Src/STM32F411RE_NVIC.o
                0x0000000008000660                NVIC_IRQ_Habilitar
 .text.TIM_Control_Reloj
                0x00000000080006d8      0x1a0 ./Drivers/Src/STM32F411RE_TIMER.o
                0x00000000080006d8                TIM_Control_Reloj
 .text.TIM_ObtenerITestatus
                0x0000000008000878       0x48 ./Drivers/Src/STM32F411RE_TIMER.o
                0x0000000008000878                TIM_ObtenerITestatus
 .text.TIM_Limpiar_Bandera_Pendiente
                0x00000000080008c0       0x22 ./Drivers/Src/STM32F411RE_TIMER.o
                0x00000000080008c0                TIM_Limpiar_Bandera_Pendiente
 .text.TIM_TimeBaseIniciar
                0x00000000080008e2       0x38 ./Drivers/Src/STM32F411RE_TIMER.o
                0x00000000080008e2                TIM_TimeBaseIniciar
 .text.TIM_Cmd  0x000000000800091a       0x3c ./Drivers/Src/STM32F411RE_TIMER.o
                0x000000000800091a                TIM_Cmd
 .text.TIM_ITConfiguracion
                0x0000000008000956       0x42 ./Drivers/Src/STM32F411RE_TIMER.o
                0x0000000008000956                TIM_ITConfiguracion
 .text.TIM_IRQHandler
                0x0000000008000998       0x3a ./Drivers/Src/STM32F411RE_TIMER.o
                0x0000000008000998                TIM_IRQHandler
 *fill*         0x00000000080009d2        0x2 
 .text.main     0x00000000080009d4       0x34 ./Src/TIM_Interrupcion_Basic.o
                0x00000000080009d4                main
 .text.TIM4_IRQHandler
                0x0000000008000a08       0x14 ./Src/TIM_Interrupcion_Basic.o
                0x0000000008000a08                TIM4_IRQHandler
 .text.TIM_EventCallBack
                0x0000000008000a1c       0x28 ./Src/TIM_Interrupcion_Basic.o
                0x0000000008000a1c                TIM_EventCallBack
 .text.Configurar_GPIO
                0x0000000008000a44       0x3c ./Src/TIM_Interrupcion_Basic.o
                0x0000000008000a44                Configurar_GPIO
 .text.Configurar_Timer
                0x0000000008000a80       0x2c ./Src/TIM_Interrupcion_Basic.o
                0x0000000008000a80                Configurar_Timer
 .text.Reset_Handler
                0x0000000008000aac       0x50 ./Startup/startup_stm32f411retx.o
                0x0000000008000aac                Reset_Handler
 .text.Default_Handler
                0x0000000008000afc        0x2 ./Startup/startup_stm32f411retx.o
                0x0000000008000afc                RTC_Alarm_IRQHandler
                0x0000000008000afc                EXTI2_IRQHandler
                0x0000000008000afc                DebugMon_Handler
                0x0000000008000afc                SPI4_IRQHandler
                0x0000000008000afc                TIM1_CC_IRQHandler
                0x0000000008000afc                DMA2_Stream5_IRQHandler
                0x0000000008000afc                HardFault_Handler
                0x0000000008000afc                DMA1_Stream5_IRQHandler
                0x0000000008000afc                SysTick_Handler
                0x0000000008000afc                PVD_IRQHandler
                0x0000000008000afc                SDIO_IRQHandler
                0x0000000008000afc                TAMP_STAMP_IRQHandler
                0x0000000008000afc                PendSV_Handler
                0x0000000008000afc                NMI_Handler
                0x0000000008000afc                EXTI3_IRQHandler
                0x0000000008000afc                TIM1_UP_TIM10_IRQHandler
                0x0000000008000afc                I2C3_ER_IRQHandler
                0x0000000008000afc                EXTI0_IRQHandler
                0x0000000008000afc                I2C2_EV_IRQHandler
                0x0000000008000afc                DMA1_Stream2_IRQHandler
                0x0000000008000afc                UsageFault_Handler
                0x0000000008000afc                DMA2_Stream2_IRQHandler
                0x0000000008000afc                SPI1_IRQHandler
                0x0000000008000afc                TIM1_BRK_TIM9_IRQHandler
                0x0000000008000afc                DMA2_Stream3_IRQHandler
                0x0000000008000afc                USART6_IRQHandler
                0x0000000008000afc                DMA2_Stream0_IRQHandler
                0x0000000008000afc                I2C1_EV_IRQHandler
                0x0000000008000afc                DMA1_Stream6_IRQHandler
                0x0000000008000afc                DMA1_Stream1_IRQHandler
                0x0000000008000afc                TIM3_IRQHandler
                0x0000000008000afc                RCC_IRQHandler
                0x0000000008000afc                Default_Handler
                0x0000000008000afc                EXTI15_10_IRQHandler
                0x0000000008000afc                ADC_IRQHandler
                0x0000000008000afc                DMA1_Stream7_IRQHandler
                0x0000000008000afc                SPI5_IRQHandler
                0x0000000008000afc                TIM5_IRQHandler
                0x0000000008000afc                DMA2_Stream7_IRQHandler
                0x0000000008000afc                I2C3_EV_IRQHandler
                0x0000000008000afc                EXTI9_5_IRQHandler
                0x0000000008000afc                RTC_WKUP_IRQHandler
                0x0000000008000afc                SPI2_IRQHandler
                0x0000000008000afc                MemManage_Handler
                0x0000000008000afc                DMA1_Stream0_IRQHandler
                0x0000000008000afc                SVC_Handler
                0x0000000008000afc                EXTI4_IRQHandler
                0x0000000008000afc                WWDG_IRQHandler
                0x0000000008000afc                TIM2_IRQHandler
                0x0000000008000afc                OTG_FS_WKUP_IRQHandler
                0x0000000008000afc                TIM1_TRG_COM_TIM11_IRQHandler
                0x0000000008000afc                EXTI1_IRQHandler
                0x0000000008000afc                USART2_IRQHandler
                0x0000000008000afc                I2C2_ER_IRQHandler
                0x0000000008000afc                DMA2_Stream1_IRQHandler
                0x0000000008000afc                FLASH_IRQHandler
                0x0000000008000afc                DMA2_Stream4_IRQHandler
                0x0000000008000afc                BusFault_Handler
                0x0000000008000afc                USART1_IRQHandler
                0x0000000008000afc                OTG_FS_IRQHandler
                0x0000000008000afc                SPI3_IRQHandler
                0x0000000008000afc                DMA1_Stream4_IRQHandler
                0x0000000008000afc                I2C1_ER_IRQHandler
                0x0000000008000afc                DMA2_Stream6_IRQHandler
                0x0000000008000afc                DMA1_Stream3_IRQHandler
 *fill*         0x0000000008000afe        0x2 
 .text.__libc_init_array
                0x0000000008000b00       0x48 C:/ST/STM32CubeIDE_1.13.0/STM32CubeIDE/plugins/com.st.stm32cube.ide.mcu.externaltools.gnu-tools-for-stm32.11.3.rel1.win32_1.1.0.202305231506/tools/bin/../lib/gcc/arm-none-eabi/11.3.1/../../../../arm-none-eabi/lib/thumb/v7e-m/nofp\libc_nano.a(libc_a-init.o)
                0x0000000008000b00                __libc_init_array
 *(.glue_7)
 .glue_7        0x0000000008000b48        0x0 linker stubs
 *(.glue_7t)
 .glue_7t       0x0000000008000b48        0x0 linker stubs
 *(.eh_frame)
 .eh_frame      0x0000000008000b48        0x0 C:/ST/STM32CubeIDE_1.13.0/STM32CubeIDE/plugins/com.st.stm32cube.ide.mcu.externaltools.gnu-tools-for-stm32.11.3.rel1.win32_1.1.0.202305231506/tools/bin/../lib/gcc/arm-none-eabi/11.3.1/thumb/v7e-m/nofp/crtbegin.o
 *(.init)
 .init          0x0000000008000b48        0x4 C:/ST/STM32CubeIDE_1.13.0/STM32CubeIDE/plugins/com.st.stm32cube.ide.mcu.externaltools.gnu-tools-for-stm32.11.3.rel1.win32_1.1.0.202305231506/tools/bin/../lib/gcc/arm-none-eabi/11.3.1/thumb/v7e-m/nofp/crti.o
                0x0000000008000b48                _init
 .init          0x0000000008000b4c        0x8 C:/ST/STM32CubeIDE_1.13.0/STM32CubeIDE/plugins/com.st.stm32cube.ide.mcu.externaltools.gnu-tools-for-stm32.11.3.rel1.win32_1.1.0.202305231506/tools/bin/../lib/gcc/arm-none-eabi/11.3.1/thumb/v7e-m/nofp/crtn.o
 *(.fini)
 .fini          0x0000000008000b54        0x4 C:/ST/STM32CubeIDE_1.13.0/STM32CubeIDE/plugins/com.st.stm32cube.ide.mcu.externaltools.gnu-tools-for-stm32.11.3.rel1.win32_1.1.0.202305231506/tools/bin/../lib/gcc/arm-none-eabi/11.3.1/thumb/v7e-m/nofp/crti.o
                0x0000000008000b54                _fini
 .fini          0x0000000008000b58        0x8 C:/ST/STM32CubeIDE_1.13.0/STM32CubeIDE/plugins/com.st.stm32cube.ide.mcu.externaltools.gnu-tools-for-stm32.11.3.rel1.win32_1.1.0.202305231506/tools/bin/../lib/gcc/arm-none-eabi/11.3.1/thumb/v7e-m/nofp/crtn.o
                0x0000000008000b60                . = ALIGN (0x4)
                0x0000000008000b60                _etext = .

.vfp11_veneer   0x0000000008000b60        0x0
 .vfp11_veneer  0x0000000008000b60        0x0 linker stubs

.v4_bx          0x0000000008000b60        0x0
 .v4_bx         0x0000000008000b60        0x0 linker stubs

.iplt           0x0000000008000b60        0x0
 .iplt          0x0000000008000b60        0x0 C:/ST/STM32CubeIDE_1.13.0/STM32CubeIDE/plugins/com.st.stm32cube.ide.mcu.externaltools.gnu-tools-for-stm32.11.3.rel1.win32_1.1.0.202305231506/tools/bin/../lib/gcc/arm-none-eabi/11.3.1/thumb/v7e-m/nofp/crtbegin.o

.rel.dyn        0x0000000008000b60        0x0
 .rel.iplt      0x0000000008000b60        0x0 C:/ST/STM32CubeIDE_1.13.0/STM32CubeIDE/plugins/com.st.stm32cube.ide.mcu.externaltools.gnu-tools-for-stm32.11.3.rel1.win32_1.1.0.202305231506/tools/bin/../lib/gcc/arm-none-eabi/11.3.1/thumb/v7e-m/nofp/crtbegin.o

.rodata         0x0000000008000b60        0x0
                0x0000000008000b60                . = ALIGN (0x4)
 *(.rodata)
 *(.rodata*)
                0x0000000008000b60                . = ALIGN (0x4)

.ARM.extab      0x0000000008000b60        0x0
                0x0000000008000b60                . = ALIGN (0x4)
 *(.ARM.extab* .gnu.linkonce.armextab.*)
                0x0000000008000b60                . = ALIGN (0x4)

.ARM            0x0000000008000b60        0x0
                0x0000000008000b60                . = ALIGN (0x4)
                0x0000000008000b60                __exidx_start = .
 *(.ARM.exidx*)
                0x0000000008000b60                __exidx_end = .
                0x0000000008000b60                . = ALIGN (0x4)

.preinit_array  0x0000000008000b60        0x0
                0x0000000008000b60                . = ALIGN (0x4)
                0x0000000008000b60                PROVIDE (__preinit_array_start = .)
 *(.preinit_array*)
                0x0000000008000b60                PROVIDE (__preinit_array_end = .)
                0x0000000008000b60                . = ALIGN (0x4)

.init_array     0x0000000008000b60        0x4
                0x0000000008000b60                . = ALIGN (0x4)
                0x0000000008000b60                PROVIDE (__init_array_start = .)
 *(SORT_BY_NAME(.init_array.*))
 *(.init_array*)
 .init_array    0x0000000008000b60        0x4 C:/ST/STM32CubeIDE_1.13.0/STM32CubeIDE/plugins/com.st.stm32cube.ide.mcu.externaltools.gnu-tools-for-stm32.11.3.rel1.win32_1.1.0.202305231506/tools/bin/../lib/gcc/arm-none-eabi/11.3.1/thumb/v7e-m/nofp/crtbegin.o
                0x0000000008000b64                PROVIDE (__init_array_end = .)
                0x0000000008000b64                . = ALIGN (0x4)

.fini_array     0x0000000008000b64        0x4
                0x0000000008000b64                . = ALIGN (0x4)
                [!provide]                        PROVIDE (__fini_array_start = .)
 *(SORT_BY_NAME(.fini_array.*))
 *(.fini_array*)
 .fini_array    0x0000000008000b64        0x4 C:/ST/STM32CubeIDE_1.13.0/STM32CubeIDE/plugins/com.st.stm32cube.ide.mcu.externaltools.gnu-tools-for-stm32.11.3.rel1.win32_1.1.0.202305231506/tools/bin/../lib/gcc/arm-none-eabi/11.3.1/thumb/v7e-m/nofp/crtbegin.o
                [!provide]                        PROVIDE (__fini_array_end = .)
                0x0000000008000b68                . = ALIGN (0x4)
                0x0000000008000b68                _sidata = LOADADDR (.data)

.data           0x0000000020000000        0x0 load address 0x0000000008000b68
                0x0000000020000000                . = ALIGN (0x4)
                0x0000000020000000                _sdata = .
 *(.data)
 *(.data*)
 *(.RamFunc)
 *(.RamFunc*)
                0x0000000020000000                . = ALIGN (0x4)
                0x0000000020000000                _edata = .

.igot.plt       0x0000000020000000        0x0 load address 0x0000000008000b68
 .igot.plt      0x0000000020000000        0x0 C:/ST/STM32CubeIDE_1.13.0/STM32CubeIDE/plugins/com.st.stm32cube.ide.mcu.externaltools.gnu-tools-for-stm32.11.3.rel1.win32_1.1.0.202305231506/tools/bin/../lib/gcc/arm-none-eabi/11.3.1/thumb/v7e-m/nofp/crtbegin.o
                0x0000000020000000                . = ALIGN (0x4)

.bss            0x0000000020000000       0x38 load address 0x0000000008000b68
                0x0000000020000000                _sbss = .
                0x0000000020000000                __bss_start__ = _sbss
 *(.bss)
 .bss           0x0000000020000000       0x1c C:/ST/STM32CubeIDE_1.13.0/STM32CubeIDE/plugins/com.st.stm32cube.ide.mcu.externaltools.gnu-tools-for-stm32.11.3.rel1.win32_1.1.0.202305231506/tools/bin/../lib/gcc/arm-none-eabi/11.3.1/thumb/v7e-m/nofp/crtbegin.o
 *(.bss*)
 .bss.Led       0x000000002000001c        0xc ./Src/TIM_Interrupcion_Basic.o
                0x000000002000001c                Led
 .bss.htim_led  0x0000000020000028       0x10 ./Src/TIM_Interrupcion_Basic.o
                0x0000000020000028                htim_led
 *(COMMON)
                0x0000000020000038                . = ALIGN (0x4)
                0x0000000020000038                _ebss = .
                0x0000000020000038                __bss_end__ = _ebss

._user_heap_stack
                0x0000000020000038      0x600 load address 0x0000000008000b68
                0x0000000020000038                . = ALIGN (0x8)
                0x0000000020000038                PROVIDE (end = .)
                [!provide]                        PROVIDE (_end = .)
                0x0000000020000238                . = (. + _Min_Heap_Size)
 *fill*         0x0000000020000038      0x200 
                0x0000000020000638                . = (. + _Min_Stack_Size)
 *fill*         0x0000000020000238      0x400 
                0x0000000020000638                . = ALIGN (0x8)

/DISCARD/
 libc.a(*)
 libm.a(*)
 libgcc.a(*)

.ARM.attributes
                0x0000000000000000       0x2a
 *(.ARM.attributes)
 .ARM.attributes
                0x0000000000000000       0x1e C:/ST/STM32CubeIDE_1.13.0/STM32CubeIDE/plugins/com.st.stm32cube.ide.mcu.externaltools.gnu-tools-for-stm32.11.3.rel1.win32_1.1.0.202305231506/tools/bin/../lib/gcc/arm-none-eabi/11.3.1/thumb/v7e-m/nofp/crti.o
 .ARM.attributes
                0x000000000000001e       0x2e C:/ST/STM32CubeIDE_1.13.0/STM32CubeIDE/plugins/com.st.stm32cube.ide.mcu.externaltools.gnu-tools-for-stm32.11.3.rel1.win32_1.1.0.202305231506/tools/bin/../lib/gcc/arm-none-eabi/11.3.1/thumb/v7e-m/nofp/crtbegin.o
 .ARM.attributes
                0x000000000000004c       0x2e ./Drivers/Src/STM32F411RE_GPIO.o
 .ARM.attributes
                0x000000000000007a       0x2e ./Drivers/Src/STM32F411RE_NVIC.o
 .ARM.attributes
                0x00000000000000a8       0x2e ./Drivers/Src/STM32F411RE_TIMER.o
 .ARM.attributes
                0x00000000000000d6       0x2e ./Src/TIM_Interrupcion_Basic.o
 .ARM.attributes
                0x0000000000000104       0x21 ./Startup/startup_stm32f411retx.o
 .ARM.attributes
                0x0000000000000125       0x2e C:/ST/STM32CubeIDE_1.13.0/STM32CubeIDE/plugins/com.st.stm32cube.ide.mcu.externaltools.gnu-tools-for-stm32.11.3.rel1.win32_1.1.0.202305231506/tools/bin/../lib/gcc/arm-none-eabi/11.3.1/../../../../arm-none-eabi/lib/thumb/v7e-m/nofp\libc_nano.a(libc_a-init.o)
 .ARM.attributes
                0x0000000000000153       0x1e C:/ST/STM32CubeIDE_1.13.0/STM32CubeIDE/plugins/com.st.stm32cube.ide.mcu.externaltools.gnu-tools-for-stm32.11.3.rel1.win32_1.1.0.202305231506/tools/bin/../lib/gcc/arm-none-eabi/11.3.1/thumb/v7e-m/nofp/crtn.o
OUTPUT(Drivers.elf elf32-littlearm)
LOAD linker stubs
LOAD C:/ST/STM32CubeIDE_1.13.0/STM32CubeIDE/plugins/com.st.stm32cube.ide.mcu.externaltools.gnu-tools-for-stm32.11.3.rel1.win32_1.1.0.202305231506/tools/bin/../lib/gcc/arm-none-eabi/11.3.1/../../../../arm-none-eabi/lib/thumb/v7e-m/nofp\libc.a
LOAD C:/ST/STM32CubeIDE_1.13.0/STM32CubeIDE/plugins/com.st.stm32cube.ide.mcu.externaltools.gnu-tools-for-stm32.11.3.rel1.win32_1.1.0.202305231506/tools/bin/../lib/gcc/arm-none-eabi/11.3.1/../../../../arm-none-eabi/lib/thumb/v7e-m/nofp\libm.a
LOAD C:/ST/STM32CubeIDE_1.13.0/STM32CubeIDE/plugins/com.st.stm32cube.ide.mcu.externaltools.gnu-tools-for-stm32.11.3.rel1.win32_1.1.0.202305231506/tools/bin/../lib/gcc/arm-none-eabi/11.3.1/thumb/v7e-m/nofp\libgcc.a

.comment        0x0000000000000000       0x43
 .comment       0x0000000000000000       0x43 C:/ST/STM32CubeIDE_1.13.0/STM32CubeIDE/plugins/com.st.stm32cube.ide.mcu.externaltools.gnu-tools-for-stm32.11.3.rel1.win32_1.1.0.202305231506/tools/bin/../lib/gcc/arm-none-eabi/11.3.1/thumb/v7e-m/nofp/crtbegin.o
                                         0x44 (size before relaxing)
 .comment       0x0000000000000043       0x44 ./Drivers/Src/STM32F411RE_GPIO.o
 .comment       0x0000000000000043       0x44 ./Drivers/Src/STM32F411RE_NVIC.o
 .comment       0x0000000000000043       0x44 ./Drivers/Src/STM32F411RE_TIMER.o
 .comment       0x0000000000000043       0x44 ./Src/TIM_Interrupcion_Basic.o

.debug_info     0x0000000000000000     0x163d
 .debug_info    0x0000000000000000      0x7c8 ./Drivers/Src/STM32F411RE_GPIO.o
 .debug_info    0x00000000000007c8      0x155 ./Drivers/Src/STM32F411RE_NVIC.o
 .debug_info    0x000000000000091d      0x5fb ./Drivers/Src/STM32F411RE_TIMER.o
 .debug_info    0x0000000000000f18      0x702 ./Src/TIM_Interrupcion_Basic.o
 .debug_info    0x000000000000161a       0x23 ./Startup/startup_stm32f411retx.o

.debug_abbrev   0x0000000000000000      0x5ac
 .debug_abbrev  0x0000000000000000      0x1ab ./Drivers/Src/STM32F411RE_GPIO.o
 .debug_abbrev  0x00000000000001ab       0xaf ./Drivers/Src/STM32F411RE_NVIC.o
 .debug_abbrev  0x000000000000025a      0x17b ./Drivers/Src/STM32F411RE_TIMER.o
 .debug_abbrev  0x00000000000003d5      0x1c5 ./Src/TIM_Interrupcion_Basic.o
 .debug_abbrev  0x000000000000059a       0x12 ./Startup/startup_stm32f411retx.o

.debug_aranges  0x0000000000000000      0x158
 .debug_aranges
                0x0000000000000000       0x60 ./Drivers/Src/STM32F411RE_GPIO.o
 .debug_aranges
                0x0000000000000060       0x30 ./Drivers/Src/STM32F411RE_NVIC.o
 .debug_aranges
                0x0000000000000090       0x58 ./Drivers/Src/STM32F411RE_TIMER.o
 .debug_aranges
                0x00000000000000e8       0x48 ./Src/TIM_Interrupcion_Basic.o
 .debug_aranges
                0x0000000000000130       0x28 ./Startup/startup_stm32f411retx.o

.debug_rnglists
                0x0000000000000000       0xed
 .debug_rnglists
                0x0000000000000000       0x46 ./Drivers/Src/STM32F411RE_GPIO.o
 .debug_rnglists
                0x0000000000000046       0x1f ./Drivers/Src/STM32F411RE_NVIC.o
 .debug_rnglists
                0x0000000000000065       0x3e ./Drivers/Src/STM32F411RE_TIMER.o
 .debug_rnglists
                0x00000000000000a3       0x31 ./Src/TIM_Interrupcion_Basic.o
 .debug_rnglists
                0x00000000000000d4       0x19 ./Startup/startup_stm32f411retx.o

.debug_macro    0x0000000000000000     0x17b0
 .debug_macro   0x0000000000000000       0x7c ./Drivers/Src/STM32F411RE_GPIO.o
 .debug_macro   0x000000000000007c      0xaa2 ./Drivers/Src/STM32F411RE_GPIO.o
 .debug_macro   0x0000000000000b1e       0x22 ./Drivers/Src/STM32F411RE_GPIO.o
 .debug_macro   0x0000000000000b40       0x8e ./Drivers/Src/STM32F411RE_GPIO.o
 .debug_macro   0x0000000000000bce       0x51 ./Drivers/Src/STM32F411RE_GPIO.o
 .debug_macro   0x0000000000000c1f      0x103 ./Drivers/Src/STM32F411RE_GPIO.o
 .debug_macro   0x0000000000000d22       0x6a ./Drivers/Src/STM32F411RE_GPIO.o
 .debug_macro   0x0000000000000d8c      0x1df ./Drivers/Src/STM32F411RE_GPIO.o
 .debug_macro   0x0000000000000f6b      0x6aa ./Drivers/Src/STM32F411RE_GPIO.o
 .debug_macro   0x0000000000001615       0x7c ./Drivers/Src/STM32F411RE_NVIC.o
 .debug_macro   0x0000000000001691       0x7c ./Drivers/Src/STM32F411RE_TIMER.o
 .debug_macro   0x000000000000170d       0xa3 ./Src/TIM_Interrupcion_Basic.o

.debug_line     0x0000000000000000     0x19eb
 .debug_line    0x0000000000000000      0x89a ./Drivers/Src/STM32F411RE_GPIO.o
 .debug_line    0x000000000000089a      0x530 ./Drivers/Src/STM32F411RE_NVIC.o
 .debug_line    0x0000000000000dca      0x64f ./Drivers/Src/STM32F411RE_TIMER.o
 .debug_line    0x0000000000001419      0x557 ./Src/TIM_Interrupcion_Basic.o
 .debug_line    0x0000000000001970       0x7b ./Startup/startup_stm32f411retx.o

.debug_str      0x0000000000000000     0x6516
 .debug_str     0x0000000000000000     0x5fff ./Drivers/Src/STM32F411RE_GPIO.o
                                       0x619d (size before relaxing)
 .debug_str     0x0000000000005fff       0x80 ./Drivers/Src/STM32F411RE_NVIC.o
                                       0x5c12 (size before relaxing)
 .debug_str     0x000000000000607f      0x30e ./Drivers/Src/STM32F411RE_TIMER.o
                                       0x5fec (size before relaxing)
 .debug_str     0x000000000000638d      0x15a ./Src/TIM_Interrupcion_Basic.o
                                       0x6327 (size before relaxing)
 .debug_str     0x00000000000064e7       0x2f ./Startup/startup_stm32f411retx.o
                                         0x65 (size before relaxing)

.debug_frame    0x0000000000000000      0x440
 .debug_frame   0x0000000000000000      0x178 ./Drivers/Src/STM32F411RE_GPIO.o
 .debug_frame   0x0000000000000178       0x88 ./Drivers/Src/STM32F411RE_NVIC.o
 .debug_frame   0x0000000000000200      0x148 ./Drivers/Src/STM32F411RE_TIMER.o
 .debug_frame   0x0000000000000348       0xcc ./Src/TIM_Interrupcion_Basic.o
 .debug_frame   0x0000000000000414       0x2c C:/ST/STM32CubeIDE_1.13.0/STM32CubeIDE/plugins/com.st.stm32cube.ide.mcu.externaltools.gnu-tools-for-stm32.11.3.rel1.win32_1.1.0.202305231506/tools/bin/../lib/gcc/arm-none-eabi/11.3.1/../../../../arm-none-eabi/lib/thumb/v7e-m/nofp\libc_nano.a(libc_a-init.o)

.debug_line_str
                0x0000000000000000       0x59
 .debug_line_str
                0x0000000000000000       0x59 ./Startup/startup_stm32f411retx.o
                                         0x71 (size before relaxing)
